manifest should match snapshot with accessToken:
  1: |
    apiVersion: v1
    data:
      accessToken: MTExLTIyMi0zMzM=
    kind: Secret
    metadata:
      labels: null
      name: steadybit-extension-appdynamics
      namespace: NAMESPACE
    type: Opaque
manifest should match snapshot with apiClientSecret:
  1: |
    apiVersion: v1
    data:
      apiClientSecret: MTExLTIyMi0zMzM=
    kind: Secret
    metadata:
      labels: null
      name: steadybit-extension-appdynamics
      namespace: NAMESPACE
    type: Opaque
manifest should match snapshot with both apiClientSecret and accessToken:
  1: |
    apiVersion: v1
    data:
      accessToken: MTExLTIyMi0zMzM=
      apiClientSecret: MTExLTIyMi0zMzM=
    kind: Secret
    metadata:
      labels: null
      name: steadybit-extension-appdynamics
      namespace: NAMESPACE
    type: Opaque
